src/screens/settings/ProfileScreen.tsx(14,36): error TS2307: Cannot find module 'react-native-image-picker' or its corresponding type declarations.
